[0m14:30:09.904297 [debug] [MainThread]: Sending event: {'category': 'dbt', 'action': 'invocation', 'label': 'start', 'context': [<snowplow_tracker.self_describing_json.SelfDescribingJson object at 0x0000021D881855D0>, <snowplow_tracker.self_describing_json.SelfDescribingJson object at 0x0000021D883F6A90>, <snowplow_tracker.self_describing_json.SelfDescribingJson object at 0x0000021D86D35CD0>]}


============================== 14:30:10.044623 | 5eae1a8b-5544-4f2c-b843-07ee6b16d296 ==============================
[0m14:30:10.044623 [info ] [MainThread]: Running with dbt=1.12.5
[0m14:30:10.046419 [debug] [MainThread]: running dbt with arguments {'static_parser': 'True', 'no_print': 'None', 'maximum_seed_size_mib': '1', 'warn_error_options': 'WarnErrorOptionsV2(error=[], warn=[], silence=[])', 'target_path': 'None', 'version_check': 'True', 'printer_width': '80', 'write_json': 'True', 'empty': 'None', 'log_cache_events': 'False', 'introspect': 'True', 'cache_selected_only': 'False', 'fail_fast': 'False', 'debug': 'False', 'log_format': 'default', 'partial_parse': 'True', 'send_anonymous_usage_stats': 'True', 'quiet': 'False', 'warn_error': 'None', 'profiles_dir': 'C:\\Users\\Admin\\.dbt', 'indirect_selection': 'eager', 'hints_enabled': 'True', 'invocation_command': 'dbt init', 'use_experimental_parser': 'False', 'use_colors': 'True', 'log_path': 'logs'}
[0m14:35:25.874809 [debug] [MainThread]: Starter project path: D:\Uber_end_end to end data_pipeline\.venv\Lib\site-packages\dbt\include\starter_project
[0m14:35:26.024273 [info ] [MainThread]: Setting up your profile.
[0m14:35:44.694010 [debug] [MainThread]: Spark adapter: Setting pyhive.hive logging to ERROR
[0m14:35:44.694010 [debug] [MainThread]: Spark adapter: Setting thrift.transport logging to ERROR
[0m14:35:44.694010 [debug] [MainThread]: Spark adapter: Setting thrift.protocol logging to ERROR
[0m14:41:00.748861 [info ] [MainThread]: Profile harq_uber written to C:\Users\Admin\.dbt\profiles.yml using target's profile_template.yml and your supplied values.
[0m14:41:00.874091 [info ] [MainThread]: Running dbt debug to validate the project...
[0m14:41:00.874752 [info ] [MainThread]: dbt version: 1.12.5
[0m14:41:00.877240 [info ] [MainThread]: python version: 3.11.16
[0m14:41:00.877240 [info ] [MainThread]: python path: D:\Uber_end_end to end data_pipeline\.venv\Scripts\python.exe
[0m14:41:00.877240 [info ] [MainThread]: os info: Windows-10-10.0.26200-SP0
[0m14:41:01.027462 [info ] [MainThread]: Using profiles dir at C:\Users\Admin\.dbt
[0m14:41:01.027462 [info ] [MainThread]: Using profiles.yml file at C:\Users\Admin\.dbt\profiles.yml
[0m14:41:01.029844 [info ] [MainThread]: Using dbt_project.yml file at D:\Uber_end_end to end data_pipeline\harq_uber\dbt_project.yml
[0m14:41:01.030597 [info ] [MainThread]: adapter type: databricks
[0m14:41:01.032010 [info ] [MainThread]: adapter version: 1.10.9
[0m14:41:01.150149 [info ] [MainThread]: Configuration:
[0m14:41:01.150149 [info ] [MainThread]:   profiles.yml file [[32mOK found and valid[0m]
[0m14:41:01.150149 [info ] [MainThread]:   dbt_project.yml file [[32mOK found and valid[0m]
[0m14:41:01.150149 [info ] [MainThread]: Required dependencies:
[0m14:41:01.150149 [debug] [MainThread]: Executing "git --help"
[0m14:41:01.216431 [debug] [MainThread]: STDOUT: "b"usage: git [-v | --version] [-h | --help] [-C <path>] [-c <name>=<value>]\n           [--exec-path[=<path>]] [--html-path] [--man-path] [--info-path]\n           [-p | --paginate | -P | --no-pager] [--no-replace-objects] [--no-lazy-fetch]\n           [--no-optional-locks] [--no-advice] [--bare] [--git-dir=<path>]\n           [--work-tree=<path>] [--namespace=<name>] [--config-env=<name>=<envvar>]\n           <command> [<args>]\n\nThese are common Git commands used in various situations:\n\nstart a working area (see also: git help tutorial)\n   clone      Clone a repository into a new directory\n   init       Create an empty Git repository or reinitialize an existing one\n\nwork on the current change (see also: git help everyday)\n   add        Add file contents to the index\n   mv         Move or rename a file, a directory, or a symlink\n   restore    Restore working tree files\n   rm         Remove files from the working tree and from the index\n\nexamine the history and state (see also: git help revisions)\n   bisect     Use binary search to find the commit that introduced a bug\n   diff       Show changes between commits, commit and working tree, etc\n   grep       Print lines matching a pattern\n   log        Show commit logs\n   show       Show various types of objects\n   status     Show the working tree status\n\ngrow, mark and tweak your common history\n   backfill   Download missing objects in a partial clone\n   branch     List, create, or delete branches\n   commit     Record changes to the repository\n   history    EXPERIMENTAL: Rewrite history\n   merge      Join two or more development histories together\n   rebase     Reapply commits on top of another base tip\n   reset      Set `HEAD` or the index to a known state\n   switch     Switch branches\n   tag        Create, list, delete or verify tags\n\ncollaborate (see also: git help workflows)\n   fetch      Download objects and refs from another repository\n   pull       Fetch from and integrate with another repository or a local branch\n   push       Update remote refs along with associated objects\n\n'git help -a' and 'git help -g' list available subcommands and some\nconcept guides. See 'git help <command>' or 'git help <concept>'\nto read about a specific subcommand or concept.\nSee 'git help git' for an overview of the system.\n""
[0m14:41:01.216431 [debug] [MainThread]: STDERR: "b''"
[0m14:41:01.216431 [info ] [MainThread]:  - git [[32mOK found[0m]

[0m14:41:01.216431 [info ] [MainThread]: Connection:
[0m14:41:01.222084 [info ] [MainThread]:   host: dbc-ea7d354d-6bb6.cloud.databricks.com
[0m14:41:01.224610 [info ] [MainThread]:   http_path: /sql/1.0/warehouses/39a3792d3997afa7
[0m14:41:01.224610 [info ] [MainThread]:   catalog: default
[0m14:41:01.224610 [info ] [MainThread]:   schema: source
[0m14:41:01.224610 [info ] [MainThread]: Registered adapter: databricks=1.10.9
[0m14:41:01.581758 [debug] [MainThread]: Databricks adapter: DatabricksDBTConnection(session-id=None, name=debug) - Creating connection
[0m14:41:01.581758 [debug] [MainThread]: Acquiring new databricks connection 'debug'
[0m14:41:01.581758 [debug] [MainThread]: Using databricks connection "debug"
[0m14:41:01.581758 [debug] [MainThread]: On debug: select 1 as id
[0m14:41:01.581758 [debug] [MainThread]: Opening a new connection, currently in state init
[0m14:41:05.691023 [debug] [MainThread]: Databricks adapter: Connection(session-id=01f1b36e-f994-102d-ab79-bd306dde7fb5) - Created
[0m14:41:15.913758 [debug] [MainThread]: SQL status: OK in 14.330 seconds
[0m14:41:15.914888 [debug] [MainThread]: Databricks adapter: Cursor(session-id=01f1b36e-f994-102d-ab79-bd306dde7fb5, command-id=01f1b36e-facf-1715-a111-cb376d1052b1) - Closing
[0m14:41:16.307753 [debug] [MainThread]: On debug: Close
[0m14:41:16.307753 [debug] [MainThread]: Databricks adapter: Connection(session-id=01f1b36e-f994-102d-ab79-bd306dde7fb5) - Closing
[0m14:41:16.732170 [info ] [MainThread]:   Connection test: [[32mOK connection ok[0m]

[0m14:41:16.738100 [info ] [MainThread]: [32mAll checks passed![0m
[0m14:41:16.739008 [info ] [MainThread]: Your new dbt project "harq_uber" was created!
Initialized new project in D:\Uber_end_end to end data_pipeline\harq_uber\harq_uber

For more information on how to configure the profiles.yml file,
please consult the dbt documentation here:

  https://docs.getdbt.com/docs/configure-your-profile

One more thing:

Need help? Don't hesitate to reach out to us via GitHub issues or on Slack:

  https://community.getdbt.com/

Happy modeling!

[0m14:41:16.740543 [debug] [MainThread]: Command `dbt init` succeeded at 14:41:16.740543 after 667.15 seconds
[0m14:41:16.740543 [debug] [MainThread]: Sending event: {'category': 'dbt', 'action': 'invocation', 'label': 'end', 'context': [<snowplow_tracker.self_describing_json.SelfDescribingJson object at 0x0000021D86B23B10>, <snowplow_tracker.self_describing_json.SelfDescribingJson object at 0x0000021D881855D0>, <snowplow_tracker.self_describing_json.SelfDescribingJson object at 0x0000021D86EEA250>]}
[0m14:41:16.740543 [debug] [MainThread]: Flushing usage events
[0m14:41:18.656302 [debug] [MainThread]: An error was encountered while trying to flush usage events
[0m16:54:59.210890 [debug] [MainThread]: Sending event: {'category': 'dbt', 'action': 'invocation', 'label': 'start', 'context': [<snowplow_tracker.self_describing_json.SelfDescribingJson object at 0x00000295C24E7D90>, <snowplow_tracker.self_describing_json.SelfDescribingJson object at 0x00000295C23F9210>, <snowplow_tracker.self_describing_json.SelfDescribingJson object at 0x00000295C23EA050>]}


============================== 16:54:59.215242 | b83ce2bc-5bed-416b-8aa6-964037cdf49e ==============================
[0m16:54:59.215242 [info ] [MainThread]: Running with dbt=1.12.5
[0m16:54:59.216242 [debug] [MainThread]: running dbt with arguments {'version_check': 'True', 'no_print': 'None', 'maximum_seed_size_mib': '1', 'warn_error_options': 'WarnErrorOptionsV2(error=[], warn=[], silence=[])', 'static_parser': 'True', 'target_path': 'None', 'printer_width': '80', 'write_json': 'True', 'introspect': 'True', 'log_cache_events': 'False', 'empty': 'False', 'cache_selected_only': 'False', 'fail_fast': 'False', 'debug': 'False', 'log_format': 'default', 'profiles_dir': 'D:\\Uber_end_end to end data_pipeline', 'send_anonymous_usage_stats': 'True', 'quiet': 'False', 'warn_error': 'None', 'partial_parse': 'True', 'invocation_command': 'dbt build', 'hints_enabled': 'True', 'indirect_selection': 'eager', 'use_experimental_parser': 'False', 'use_colors': 'True', 'log_path': 'logs'}
[0m16:54:59.216242 [error] [MainThread]: [[31mERROR[0m]: Encountered an error:
Runtime Error
  No dbt_project.yml found at expected path D:\Uber_end_end to end data_pipeline\dbt_project.yml
  Verify that each entry within packages.yml (and their transitive dependencies) contains a file named dbt_project.yml
  
[0m16:54:59.217242 [debug] [MainThread]: Command `dbt build` failed at 16:54:59.217242 after 0.11 seconds
[0m16:54:59.217242 [debug] [MainThread]: Sending event: {'category': 'dbt', 'action': 'invocation', 'label': 'end', 'context': [<snowplow_tracker.self_describing_json.SelfDescribingJson object at 0x00000295C23EB2D0>, <snowplow_tracker.self_describing_json.SelfDescribingJson object at 0x00000295C23EB110>, <snowplow_tracker.self_describing_json.SelfDescribingJson object at 0x00000295C23EB950>]}
[0m16:54:59.218243 [debug] [MainThread]: Flushing usage events
[0m16:55:04.575531 [debug] [MainThread]: An error was encountered while trying to flush usage events
==================== 2026-09-18T17:10:49.285878Z | 01a0b57f-d6c3-7fa2-be29-69b4500668ef ====================
17:10:49.286043 [info ]: dbt-fusion 2.0.0-preview.218
17:10:49.286503 [info ]: Started loading project
17:10:49.287024 [info ]: Finished loading project [  0.00s]
17:10:49.287447 [error]: [IoError (dbt1001)]: Cannot open file D:\Uber_end_end to end data_pipeline\dbt_project.yml: Failed to open file: D:\Uber_end_end to end data_pipeline\dbt_project.yml: The system cannot find the file specified. (os error 2): The system cannot find the file specified. (os error 2)
17:10:50.148650 [info ]: 
==================== Execution Summary =====================
Finished 'debug' with 1 error [862ms]
==================== 2026-09-18T17:15:12.101841Z | 01a0b583-d914-7143-ae38-d4a50cbaad73 ====================
17:15:12.102003 [info ]: dbt-fusion 2.0.0-preview.218
17:15:12.102602 [info ]: Started loading project
17:15:12.102864 [info ]: Finished loading project [  0.00s]
17:15:12.102960 [error]: [IoError (dbt1001)]: Cannot open file D:\Uber_end_end to end data_pipeline\dbt_project.yml: Failed to open file: D:\Uber_end_end to end data_pipeline\dbt_project.yml: The system cannot find the file specified. (os error 2): The system cannot find the file specified. (os error 2)
17:15:12.882223 [info ]: 
==================== Execution Summary =====================
Finished 'build' with 1 error [780ms]
